// Jest Snapshot v1, https://goo.gl/fbAQLP

exports[`<Face /> _render 1`] = `
<Provider
  store={
    Object {
      "@@observable": [Function],
      "dispatch": [Function],
      "getState": [Function],
      "replaceReducer": [Function],
      "subscribe": [Function],
    }
  }
>
  <Face
    type="win"
  >
    <styled.div
      data-testid="face"
      onClick={[Function]}
      type="win"
    >
      <div
        className="sc-gsDKAQ daujPg"
        data-testid="face"
        onClick={[Function]}
        type="win"
      />
    </styled.div>
  </Face>
</Provider>
`;
